main.c:108:6:UartPrint	16	static
main.c:113:6:LCD_Init	8	static
main.c:122:6:LCD_Data	16	static
main.c:165:6:LCD_Command	16	static
main.c:177:6:LCD_WriteChar	16	static
main.c:189:6:LCD_WriteString	24	static
main.c:196:6:TimePrint	72	static
main.c:207:6:PrintSec	16	static
main.c:213:6:PrintMin	16	static
main.c:219:6:PrintHour	16	static
main.c:225:6:PrintTime	16	static
main.c:260:5:main	16	static
main.c:335:6:SystemClock_Config	72	static
main.c:370:13:MX_TIM2_Init	32	static
main.c:415:13:MX_USART1_UART_Init	8	static
main.c:448:13:MX_GPIO_Init	40	static
main.c:503:6:Error_Handler	4	static,ignoring_inline_asm
main.c:513:6:TIM2_IRQHandler	8	static
main.c:526:6:HAL_TIM_PeriodElapsedCallback	16	static
main.c:541:6:EXTI3_IRQHandler	8	static
