16:27:07 **** Incremental Build of configuration Debug for project Project1 ****
make -j8 all 
arm-none-eabi-gcc "../Core/Src/main.c" -mcpu=cortex-m3 -std=gnu11 -g3 -DDEBUG -DUSE_HAL_DRIVER -DSTM32F103x6 -c -I../Core/Inc -I../Drivers/STM32F1xx_HAL_Driver/Inc -I../Drivers/STM32F1xx_HAL_Driver/Inc/Legacy -I../Drivers/CMSIS/Device/ST/STM32F1xx/Include -I../Drivers/CMSIS/Include -O0 -ffunction-sections -fdata-sections -Wall -fstack-usage -MMD -MP -MF"Core/Src/main.d" -MT"Core/Src/main.o" --specs=nano.specs -mfloat-abi=soft -mthumb -o "Core/Src/main.o"
../Core/Src/main.c: In function 'TimePrint':
../Core/Src/main.c:203:2: warning: implicit declaration of function 'sprintf' [-Wimplicit-function-declaration]
  203 |  sprintf(time,"%c%c:%c%c:%c%c%c", h/10 + 48, h%10 + 48 , m/10+48, m%10 +48, (sec/10)+48, (sec%10)+48,'\0');
      |  ^~~~~~~
../Core/Src/main.c:203:2: warning: incompatible implicit declaration of built-in function 'sprintf'
../Core/Src/main.c:26:1: note: include '<stdio.h>' or provide a declaration of 'sprintf'
   25 | #include <string.h>
  +++ |+#include <stdio.h>
   26 | /* USER CODE END Includes */
../Core/Src/main.c:203:32: warning: 'sprintf' writing a terminating nul past the end of the destination [-Wformat-overflow=]
  203 |  sprintf(time,"%c%c:%c%c:%c%c%c", h/10 + 48, h%10 + 48 , m/10+48, m%10 +48, (sec/10)+48, (sec%10)+48,'\0');
      |                                ^
../Core/Src/main.c:203:2: note: 'sprintf' output 10 bytes into a destination of size 9
  203 |  sprintf(time,"%c%c:%c%c:%c%c%c", h/10 + 48, h%10 + 48 , m/10+48, m%10 +48, (sec/10)+48, (sec%10)+48,'\0');
      |  ^~~~~~~~~~~~~~~~~~~~~~~~~~~~~~~~~~~~~~~~~~~~~~~~~~~~~~~~~~~~~~~~~~~~~~~~~~~~~~~~~~~~~~~~~~~~~~~~~~~~~~~~~
arm-none-eabi-gcc -o "Project1.elf" @"objects.list"   -mcpu=cortex-m3 -T"E:\TH3\Project1\STM32F103C6TX_FLASH.ld" --specs=nosys.specs -Wl,-Map="Project1.map" -Wl,--gc-sections -static --specs=nano.specs -mfloat-abi=soft -mthumb -Wl,--start-group -lc -lm -Wl,--end-group
Finished building target: Project1.elf
 
arm-none-eabi-size   Project1.elf 
arm-none-eabi-objdump -h -S  Project1.elf  > "Project1.list"
arm-none-eabi-objcopy  -O ihex  Project1.elf  "Project1.hex"
arm-none-eabi-objcopy  -O binary  Project1.elf  "Project1.bin"
   text	   data	    bss	    dec	    hex	filename
  12516	    120	   1752	  14388	   3834	Project1.elf
Finished building: default.size.stdout
 
Finished building: Project1.bin
Finished building: Project1.hex
 
 
Finished building: Project1.list
 
